chrT-chrT	2082667	4107441	fr	223	37	86	0	47545	81	0.054435	@	13 26 37 47 62 	@	GGAACGGGATGAAGAAGAGTGAGCAATGATGAAGCAACTGGGGACAACGA GTCGAAGACTCTCAACCATACAGTTTCGTCGGAGTGCTCACGAGGTGACC	@	TGGGGGTCCGGGAGAGACCTTGGGGGACGGTACATGGACGTTACACGGAG TACGTCGCGCGTGCAAAGTTCCCTCGCGCCGCTTGCTCCACGGACCCAGG	@	223 223 223 223 223 223 223 223 223 223 223 223 223 223 223 223 223 223 223 223 221 217 214 211 207 203 195 187 184 182 178 173 169 169 166 162 159 156 151 151 147 139 135 134 129 129 127 119 115 109 	@	223 223 223 223 223 223 223 223 223 223 223 223 223 223 223 223 223 223 223 223 222 219 215 212 208 206 206 204 200 194 186 184 176 175 174 171 168 163 160 156 155 149 147 141 139 137 136 136 128 122 	@	2:1 6:0 10:2 14:13 36:0 6:30 20:18 22:19 15:28 36:10 20:30 13:39 47:5 31:24 43:13 7:50 52:6 48:11 7:58 58:8 48:19 52:16 53:19 48:26 13:62 17:61 5:77 54:29 16:69 7:80 28:64 39:55 12:-227 32:-225 45:-224 48:-223 -4140:88 
chrT-chrT	2086805	4107663	rf	50	7	15	0	30089	79	0.030800	@	12 24 39 54 64 	@	CTCCTGTGACGTCCCGGCTTCACGAGGGGGCAGATGTACTAAACCATTCC CTTGCACAACTTCTTTCTCATTTCCTTGTCGACTAATGACCTCTTTCAGT	@	GTGGGTTGAGACGTCAGGGCACCGTTGACACGGGACATACACTCTGGTAC TGGGTCAAGGCCTGTAACACCAAGGCTGGTGTGGGCGCTTAACGAGCCCC	@	50 50 50 50 50 50 50 50 50 50 50 50 50 50 50 50 50 50 50 50 50 50 49 47 47 47 45 44 42 42 41 40 40 38 38 37 37 37 37 36 35 33 32 32 31 30 30 29 26 25 	@	50 50 50 50 50 50 50 50 50 50 50 50 50 50 50 50 50 50 50 50 49 48 47 46 45 44 44 43 40 40 40 40 40 39 37 36 35 35 35 35 35 35 34 34 33 31 31 30 28 27 	@	7:38 17:47 6:59 4:61 35:45 46:36 17:71 
chrT-chrT	3769573	6343756	fr	12300	429	4080	0	81	81	0.078525	@	10 21 37 45 58 	@	TCGAGTTACACGAGATCTATCAAAACAGACTCATCAGTCATCAAAAACAC GGTCTCTTCAGTTACACCTAACAGACTCTCGATCCTCCACGGCCTAGGTT	@	ACACACTGTTTACTACATCGATGGGATCAATACTCTTGAAATAAAAGATA GCGGTCCTGTTACGCGTTTACGTTATAAGGACTAGATCCCGTGTACTTAC	@	12300 12300 12300 12300 12300 12300 12300 12300 12300 12300 12300 12300 12300 12300 12300 12300 12300 12300 12300 12300 12079 11868 11642 11428 11241 11020 10811 10588 10346 10139 9910 9689 9512 9297 9108 8913 8712 8512 8293 8093 7883 7651 7453 7255 7063 6891 6692 6345 6007 5795 	@	12300 12300 12300 12300 12300 12300 12300 12300 12300 12300 12300 12300 12300 12300 12300 12300 12300 12300 12300 12300 12124 11948 11759 11596 11407 11237 11068 10869 10690 10509 10326 10167 10000 9832 9676 9512 9351 9184 9004 8824 8648 8449 8265 8059 7888 7698 7522 7343 7064 6884 	@	-1:0 0:1 -1:0 0:2 -1:1 -1:1 -2:0 1:1 2:1 -1:2 -1:3 4:0 -1:3 -2:2 2:2 3:1 4:0 4:1 -1:4 3:2 2:3 2:3 -2:4 5:1 -2:4 -1:5 3:3 1:5 5:2 -2:5 6:1 3:4 1:7 7:1 -2:6 8:0 2:6 6:3 5:4 3:6 7:2 -1:8 9:0 -1:9 5:5 6:4 -1:9 6:4 8:2 9:1 10:0 10:0 7:3 9:1 -2:8 -5:5 4:7 7:4 2:9 11:0 -1:10 10:1 -1:10 11:0 5:6 3:8 10:1 0:11 6:5 11:1 0:12 7:5 4:8 11:1 10:2 6:6 -1:11 6:6 8:4 7:5 6:6 -2:10 1:11 9:4 0:13 4:9 -2:11 4:9 3:11 7:7 -5:9 7:7 5:9 6:8 10:4 13:2 9:6 13:2 8:7 3:12 14:1 3:12 2:13 2:13 6:9 13:2 -5:11 1:15 -5:11 5:11 -5:11 15:1 8:8 2:14 1:15 11:5 10:6 1:15 5:11 15:1 5:12 9:8 6:11 5:12 13:4 12:5 1:16 5:12 0:17 3:14 5:12 -5:12 11:7 -1:17 -2:16 10:8 8:10 0:18 0:18 0:18 11:7 -1:17 -1:17 2:16 0:19 -1:18 8:11 -2:17 11:8 2:17 5:14 12:7 1:18 -1:18 9:10 -5:14 8:11 1:18 3:17 -5:15 -5:15 0:20 3:17 11:9 8:12 3:17 6:14 11:9 3:18 -2:19 7:14 7:14 7:14 5:16 4:17 4:17 2:19 7:14 0:22 0:22 9:13 8:14 1:21 2:20 -2:20 7:15 10:12 4:18 -2:20 5:18 -1:22 9:14 -2:21 3:20 2:21 2:21 1:23 -2:22 7:17 7:17 
chrT-chrT	3777276	6347514	rf	387	102	181	0	81	81	0.190934	@	14 28 43 52 68 	@	CTTCCTTCTTCCTACGTATCTAGACCACTCTTAGGCACCGTGTCATTGCT GGAAGGGGTCCAGGGAGGTAAAGATCGAGGGCAAACGGTGAATCGGTGAG	@	GAACGGGGAGGAACGAGGAAGCTGAAGAAGAACCAAATCAGAACCCACCT CTAGCGCTGATGGTTCGTTATGAAAGGGTGTGAGCGGTGCAGGGATTGCA	@	387 387 387 387 387 387 387 387 387 387 387 387 387 387 387 387 387 387 387 387 381 374 367 363 360 358 351 345 340 331 325 322 318 316 313 308 303 298 292 291 289 287 279 271 265 259 254 240 232 228 	@	387 387 387 387 387 387 387 387 387 387 387 387 387 387 387 387 387 387 387 387 379 371 366 364 357 349 343 339 332 329 324 315 306 300 293 282 275 268 264 258 251 242 232 227 217 208 202 189 182 174 	@	5:9 5:9 14:-1 14:2 13:4 4:14 24:-2 5:24 13:16 -2:29 26:6 16:20 36:1 8:31 13:30 27:17 3:41 16:30 20:27 14:36 43:8 14:38 26:26 35:21 4:52 -2:54 25:32 10:47 33:25 47:12 39:20 26:34 35:26 22:39 46:17 -2:61 12:52 17:50 24:44 13:55 17:51 41:28 46:23 20:50 53:17 34:38 62:10 13:59 71:-1 3:70 34:40 26:48 32:43 62:14 41:37 45:33 77:-2 36:44 79:-1 48:32 37:46 26:58 22:62 69:16 18:67 50:36 65:23 39:49 34:55 -2:87 68:22 86:4 53:38 70:21 81:11 80:12 71:21 81:11 19:73 7:85 2:91 56:37 -2:91 23:70 54:39 35:58 13:81 73:21 40:55 81:14 14:82 56:40 22:-3761 34:-3761 37:-3759 48:-3760 75:-3759 81:-3760 82:-3762 -7704:36 -7703:49 -7702:76 
chrT-chrT	3998495	7636152	fr	936	159	385	0	81	81	0.019986	@	13 23 34 46 59 	@	AATAACCACTATGAAACTTGGGCAAAAGACGAAACCGAAAGAGGGAAGTA GTGACGGACCCCGACTACCTCAGTCGGACGACGGAGGGCGAATCCCCTAA	@	AGAGTACATTAGGAGTGTTCCCCTAACCTTCTAAAAAACCAACATGTCAG GATTTAAGGGCCTGGACGGTTCTCTGGCGCGGCCAATTATCGCACCCCAG	@	936 936 936 936 936 936 936 936 936 936 936 936 936 936 936 936 936 936 936 936 922 908 898 886 869 853 847 832 821 808 794 771 757 744 728 716 705 689 675 658 644 632 619 600 583 567 546 528 503 490 	@	936 936 936 936 936 936 936 936 936 936 936 936 936 936 936 936 936 936 936 936 915 901 891 868 852 839 825 810 790 781 767 750 734 718 698 682 668 656 647 634 622 605 583 569 554 542 525 513 500 484 	@	0:1 -1:3 4:1 5:-1 6:1 4:5 3:7 2:8 8:4 16:1 -4:13 18:0 13:5 16:4 17:5 10:14 1:23 21:4 5:22 27:1 17:12 -4:25 5:24 2:28 8:22 12:20 14:19 13:21 12:22 37:0 33:4 10:28 4:34 40:-1 15:26 13:29 24:19 38:5 35:9 19:25 12:33 2:44 45:-1 -1:45 -1:46 24:23 32:17 14:36 47:3 43:8 17:34 20:32 42:10 6:46 21:32 10:43 47:7 6:48 53:2 30:26 38:19 38:19 12:46 28:31 48:11 45:14 16:44 27:33 33:27 22:38 33:29 54:8 12:50 2:61 57:7 12:53 46:19 2:64 8:59 35:32 66:1 64:3 48:20 37:32 40:29 65:4 58:11 32:37 70:0 2:68 5:65 70:-1 62:9 69:3 46:26 50:23 10:63 64:9 42:32 52:23 65:10 44:31 6:69 48:28 41:36 3:74 11:66 6:72 -1:77 77:-1 75:3 51:28 40:39 78:1 68:12 39:41 28:52 36:45 58:23 82:0 71:11 79:3 46:37 22:61 17:66 38:45 49:34 32:52 11:73 66:19 14:71 62:24 3:83 75:11 12:74 54:32 48:39 9:78 29:59 44:44 86:2 58:31 16:73 65:24 11:78 86:3 39:51 31:59 35:56 20:71 45:47 13:79 32:60 59:33 76:17 41:52 44:50 85:9 -1:95 
chrT-chrT	4010232	7656829	rf	10	10	5	0	6531	81	5.220001	@	13 23 33 46 59 	@	CTTTATATAAAGGAACTGATGTCGCACTCTATCACTACTACCACCGGTAG CTACTTAGTACAATTGTATTAAAATTCGTACAACATGAATTACAAGACTA	@	GTCTGGCGCCACTGAGTCGATCCACCGTGGCCCTCTCGACTTCGCCCGAC TTCCCCTTACCATATGATATAGGAATTCGCCCTTCCCCTATAATGAGCAT	@	10 10 10 10 10 10 10 10 10 10 10 10 10 10 10 10 10 10 10 10 9 8 7 6 4 4 4 4 4 4 4 4 4 4 4 4 4 4 4 4 4 4 4 4 4 4 4 3 3 2 	@	10 10 10 10 10 10 10 10 10 10 10 10 10 10 10 10 10 10 10 10 10 10 10 9 9 9 9 9 9 8 8 8 8 8 8 8 8 8 8 8 8 8 8 8 8 8 8 8 8 8 	@	8:5 12:1 17:1 14:14 27:4 9:37 19:47 9:73 41:44 24:63 
chrT-chrT	4050292	8365734	fr	278	58	140	0	81	81	0.046374	@	11 26 40 54 69 	@	GGGATCACGCTACTCGGATGCGTGGGCGAGGGTACTAGGTTCTAACCGAG CTGTGAGGGTTTTAAAGAGTAAGTCAGACGGGTCCTGTTCCGAGTTCTAA	@	TCCGAGCTAATCTCTTTTTGCGCCTTATTGTCCGTTCCGCTCTAATCAAC TCCACTCTTCGATTTGCTTCCCCGTACCTCCTTTGACGTAGCATGACATT	@	278 278 278 278 278 278 278 278 278 278 278 278 278 278 278 278 278 278 278 278 274 271 264 262 261 258 257 250 248 244 240 234 231 229 223 219 211 208 205 202 199 192 191 188 186 176 172 170 160 154 	@	278 278 278 278 278 278 278 278 278 278 278 278 278 278 278 278 278 278 278 278 273 268 263 258 254 251 249 244 241 236 231 228 219 212 210 209 206 204 199 197 196 188 185 180 174 166 153 145 139 131 	@	5:-3 8:6 0:17 -1:24 -1:25 2:29 28:3 20:14 1:33 0:35 14:25 37:2 5:35 0:40 26:16 10:33 7:39 36:19 12:44 27:31 9:52 58:-4 57:6 19:45 18:47 19:47 2:65 25:43 40:29 0:72 25:48 55:19 16:60 28:49 64:16 26:54 66:14 16:64 67:15 41:41 22:64 -1:86 21:67 56:34 73:18 91:0 5:86 40:52 85:9 51:43 14:80 -887:5 -887:26 -887:77 -4011:5 -4011:26 -4011:77 21:-7703 
chrT-chrT	4051177	8373436	rf	20	1	9	0	81	81	0.102500	@	17 29 42 56 69 	@	ATGAGTTGCCTGAAGACCCGGACCTGCGCCTCAGTCTGGTGTACAGACTG GTGGTCCGTGGTCGACGCCGCGAGGTAAGGTTTGGAGCCCCTGTCCGGTC	@	TTGTGGCGAGAGGGTCATACCCCCGGGACGAGTCAAAGTGATGTCTAGGA AAACAAAAGAAATTGAGTAGCTTCATCTGCCATAAAAAACAGCATGCTGC	@	20 20 20 20 20 20 20 20 20 20 20 20 20 20 20 20 20 20 20 20 19 19 19 19 18 16 16 16 16 16 16 16 16 16 16 16 14 13 13 13 12 12 12 11 11 10 10 10 10 10 	@	20 20 20 20 20 20 20 20 20 20 20 20 20 20 20 20 20 20 20 20 19 19 19 19 18 18 17 17 17 17 17 17 16 16 16 16 16 15 15 14 14 14 14 13 12 11 10 10 10 10 	@	7:69 
chrT-chrT	6415212	8988670	fr	61	12	32	0	1665	81	0.083042	@	12 23 35 50 61 	@	GAAGTCACTAGTTTTTGAGAAGCCCTCCTGGTAGGGTGGGAGACATCTGG CTTCGGTGTTGTCTATATTATTCCTTCTTCAAACTTTATAACGTTCTTAA	@	GTCCGGGGTGTAGAACCGAGGACGGTGTGGTGTACGGGGGTACGGTCTAC GTGGTTGCTACTATTTCGATGAGTCTGTGATAAGTTCCTGATCCCCTTAC	@	61 61 61 61 61 61 61 61 61 61 61 61 61 61 61 61 61 61 61 61 60 60 60 60 57 56 55 55 54 52 50 48 47 45 43 43 42 40 39 37 37 37 36 36 36 36 36 36 36 36 	@	61 61 61 61 61 61 61 61 61 61 61 61 61 61 61 61 61 61 61 61 59 57 57 55 55 53 51 51 50 49 49 49 48 48 48 48 46 45 44 41 41 41 38 38 38 36 35 35 35 34 	@	20:5 23:8 19:12 -1:38 12:51 13:60 22:69 1654:4 1644:18 1655:10 1662:15 1640:-922 
chrT-chrT	6474799	8168505	fr	186	0	24	0	81	81	0.252168	@	12 23 39 50 63 	@	CAACGTAGAGTGTGCCCGAAAGATAGTGATGGACATTGGCTCATTACGCA CTTCAGGACTTTATTTGAACGAACAAGTTAACTAAAACAACGATTATCCA	@	AAAAAATGGTGGTATAGGTAGAACGTTCTCTAGAAGTTTCCTCGTGATAC AAGAGCGGGACTTCGCACCATTTAGGCGCCGGACCTGTAATCCTCGAATG	@	186 186 186 186 186 186 186 186 186 186 186 186 186 186 186 186 186 186 186 186 180 176 173 173 169 163 162 161 155 154 154 153 151 151 150 148 145 144 141 136 134 127 123 122 121 120 118 117 115 113 	@	186 186 186 186 186 186 186 186 186 186 186 186 186 186 186 186 186 186 186 186 181 179 176 176 174 170 165 163 156 150 143 137 133 131 130 126 124 124 120 116 114 110 109 107 105 100 96 92 84 80 	@	
chrT-chrT	6476582	8169141	rf	2298	0	31	0	81	81	0.208641	@	16 28 41 53 66 	@	CTTGTGGGTGTGATCCTAGGAGGTCGTTATTGGGAGTGATGATCTGAGGC GTTTCCCGAATTTTACTTCTTTAGAAACTCGACACACACCTTTCTGTACA	@	GCCGAGTTTACTTACGCGGGTCCGACCTCACGTCACCGCGCTAGAACCAG TCGGGGTGCTGATCGCGCCTTGATACCTCTCCACGCTCGCCACCGAGCGA	@	2298 2298 2298 2298 2298 2298 2298 2298 2298 2298 2298 2298 2298 2298 2298 2298 2298 2298 2298 2298 2245 2195 2148 2113 2068 2018 1972 1931 1886 1846 1801 1747 1717 1676 1623 1583 1550 1511 1467 1433 1394 1345 1306 1278 1230 1190 1158 1124 1073 1041 	@	2298 2298 2298 2298 2298 2298 2298 2298 2298 2298 2298 2298 2298 2298 2298 2298 2298 2298 2298 2298 2265 2234 2201 2161 2126 2083 2057 2032 2001 1975 1946 1908 1876 1842 1816 1790 1766 1726 1688 1654 1632 1603 1566 1531 1501 1456 1417 1381 1334 1304 	@	
chrT-chrT	6798957	9035599	fr	1148	248	560	0	81	81	0.010695	@	14 26 39 52 64 	@	TTGTAAAGAAACAATCAAATTGTAAGTCTGCGCACCTTAAATGTAATGGT GTTCCCTTTTGAGATTGGTTTGGTGTATCTTACACCACGTGACACTATCA	@	TACAGGACCGGAACATCTATCCTGGACTACTTATGCTCCTTGACTAACAG CGAACACCGAGTTGGAGACGTTACCCGCCCTAGGCAGTGGATTGGACAAG	@	1148 1148 1148 1148 1148 1148 1148 1148 1148 1148 1148 1148 1148 1148 1148 1148 1148 1148 1148 1148 1127 1111 1095 1075 1053 1037 1022 1001 993 977 961 949 928 914 897 870 847 836 826 817 799 769 755 741 716 697 682 658 632 610 	@	1148 1148 1148 1148 1148 1148 1148 1148 1148 1148 1148 1148 1148 1148 1148 1148 1148 1148 1148 1148 1128 1112 1098 1081 1062 1044 1014 998 974 963 942 925 908 881 868 858 836 822 809 781 767 749 735 712 701 678 655 633 589 571 	@	0:1 6:0 7:-1 5:4 4:5 0:11 2:10 7:5 8:5 11:3 1:13 0:14 0:15 2:14 13:5 0:19 12:8 20:2 21:2 9:14 19:4 0:24 6:19 10:16 26:0 1:26 -1:26 1:26 -1:27 21:8 16:15 30:2 1:31 5:29 5:29 10:25 18:17 6:30 28:8 30:6 35:1 6:31 -1:37 2:36 8:30 19:19 18:21 39:0 18:21 21:19 14:27 20:22 18:24 41:-1 9:33 18:25 2:41 30:14 31:13 36:9 24:21 1:44 31:15 21:25 7:39 9:37 28:19 36:12 19:30 26:24 32:18 4:46 17:33 19:32 25:26 36:16 52:0 15:38 35:20 15:40 37:19 42:14 31:26 17:41 13:45 11:47 9:50 45:15 10:50 16:44 18:42 57:3 25:35 5:55 54:7 4:57 15:46 36:26 48:14 42:20 19:43 28:34 23:40 22:41 37:27 23:41 63:-1 43:22 35:31 18:48 0:66 58:8 62:5 17:50 0:67 8:59 62:6 15:53 35:33 25:43 57:11 22:47 33:36 28:41 67:2 50:19 58:12 7:63 20:51 14:57 66:5 47:24 54:18 55:17 68:4 35:38 30:43 60:13 24:50 35:39 62:12 57:17 28:46 19:56 74:-1 29:46 1:74 38:37 64:12 66:10 8:68 69:7 10:67 72:6 30:48 77:1 62:16 35:44 4:75 79:0 77:2 26:53 34:45 14:65 42:38 34:46 40:41 80:1 62:19 71:10 62:20 41:41 80:2 48:34 53:29 19:63 26:57 41:42 41:42 54:29 23:61 26:58 70:14 14:70 83:1 3:81 4:81 63:22 75:10 63:22 74:11 60:25 33:53 17:69 30:56 37:49 8:78 0:86 48:38 22:65 
chrT-chrT	6799684	9035683	rf	1736	0	94	0	81	9259	0.290299	@	11 27 42 54 68 	@	ACAATTAATCCGCGGTCACATCACAAAAAAGGAGTTACCAGCGACATAGA CTAACTCCCCTAAGTACACAACCCATTTCCCAAAAGGATCGCTACTGGAG	@	GATGTTCCGGTCCTGTACCATCCATCCCCGACCTGAGTCTCCGTCCTTAC TGGCTGTCGATTCTAGGCGGGTGTGTGTGCGCCGTTGCCGGACCATGCTC	@	1736 1736 1736 1736 1736 1736 1736 1736 1736 1736 1736 1736 1736 1736 1736 1736 1736 1736 1736 1736 1732 1709 1678 1657 1633 1615 1596 1573 1556 1529 1504 1481 1458 1433 1409 1383 1358 1332 1319 1291 1257 1234 1212 1189 1151 1130 1100 1071 1029 1003 	@	1736 1736 1736 1736 1736 1736 1736 1736 1736 1736 1736 1736 1736 1736 1736 1736 1736 1736 1736 1736 1704 1671 1639 1599 1574 1535 1507 1478 1444 1410 1369 1333 1297 1261 1227 1197 1164 1135 1109 1075 1050 1021 990 954 921 899 878 849 823 794 	@	
chrT-chrT	6938059	9761012	fr	57	15	26	0	81	81	0.353647	@	14 27 40 52 67 	@	TGCTAGTGCTCCCTTCGTCCTCGCGTGGCTATGGTGGCTCCAGCCCCGAG CTCCTGAACTTCGGTCCTGAAATGACGGAGGACGAAGGTCACGACCATCC	@	GATATACATGGGTTTCGCCCGTCGTGGAAAAAGTCGTAGTGGGTTTCCAC ATCGATATAAGAGCGTGCCCTTGTAACTTGTAATTCTTGTCGGTGAAAGC	@	57 57 57 57 57 57 57 57 57 57 57 57 57 57 57 57 57 57 57 57 56 53 51 51 51 51 51 51 51 50 49 48 45 45 45 45 45 45 44 43 43 43 41 40 39 39 36 34 32 30 	@	57 57 57 57 57 57 57 57 57 57 57 57 57 57 57 57 57 57 57 57 56 52 52 50 47 47 44 43 43 42 42 41 40 39 39 39 39 38 36 36 34 34 33 33 32 32 30 29 29 29 	@	-5:11 11:16 13:31 0:45 31:16 48:3 10:51 39:25 36:36 41:43 80:5 52:35 70:20 50:-2210 -2397:37 
chrT-chrT	6940455	9763219	rf	1238	251	420	0	81	81	0.003793	@	16 31 45 58 68 	@	CCACGGCGCGAGGGGCGCTGGACGGGGACCTCATTGGGCACAAGCGCCGG GTTTTCGTCCCGAAGGAGGGGTCACACCCCCCGTAGTAGGTTAGGTGACT	@	CCATTAAGGAAAACAGGGATACTAATTCCAATACCGATATTGTTTTCTAG CATAGAAGTACATTAAGCTCAGTGAAATCAAGGCTGCGACTATGTGTCGG	@	1238 1238 1238 1238 1238 1238 1238 1238 1238 1238 1238 1238 1238 1238 1238 1238 1238 1238 1238 1238 1214 1196 1176 1166 1151 1129 1112 1090 1066 1044 1025 1012 995 976 956 931 909 892 865 853 840 815 800 778 754 729 713 687 654 639 	@	1238 1238 1238 1238 1238 1238 1238 1238 1238 1238 1238 1238 1238 1238 1238 1238 1238 1238 1238 1238 1217 1206 1190 1170 1150 1133 1112 1093 1077 1056 1043 1028 1006 991 971 955 934 920 894 875 847 828 807 784 764 745 717 694 655 635 	@	1:0 2:-4 2:7 3:8 8:-3 2:10 6:6 6:7 13:4 5:12 15:3 10:9 6:14 14:6 11:11 7:15 21:1 4:19 19:5 1:25 2:26 7:21 2:29 28:-4 16:17 11:23 17:17 16:18 24:10 22:13 19:17 22:15 21:16 31:6 17:20 16:21 9:29 18:20 23:15 35:-4 31:8 21:19 6:35 11:31 40:3 23:20 20:23 17:27 9:35 1:43 32:13 19:26 42:-3 6:39 34:12 8:39 40:7 32:15 6:42 27:21 40:8 10:38 15:33 43:6 7:42 20:30 45:5 12:38 8:43 37:14 44:7 33:19 46:6 28:24 48:5 11:42 48:5 49:-4 14:40 4:51 50:6 10:46 14:43 32:25 7:51 9:49 34:24 16:43 28:31 18:41 6:53 49:11 29:31 32:29 23:38 20:42 7:55 56:7 18:45 41:23 40:24 43:21 31:33 0:64 50:15 57:8 65:1 46:20 43:23 6:60 58:8 35:32 31:36 0:67 63:-4 56:11 43:24 40:28 7:61 53:15 37:31 62:7 28:41 8:61 19:51 37:33 9:62 1:70 54:17 8:64 12:60 47:25 26:46 7:65 9:64 59:14 46:27 73:1 47:27 68:6 28:47 64:11 39:36 72:-3 54:22 27:49 56:20 18:58 20:56 75:1 65:12 18:59 35:42 65:12 56:21 65:12 74:-3 63:14 18:59 28:50 7:71 47:31 41:37 18:61 39:40 76:3 71:8 79:0 9:70 76:-3 25:55 44:36 39:41 46:35 1:81 13:69 28:54 69:13 52:30 19:63 13:69 44:38 11:72 16:67 58:26 19:65 13:71 39:45 32:52 51:33 63:21 67:17 2:83 80:5 28:57 60:26 57:29 16:70 38:48 35:52 
chrT-chrT	8071758	9270301	fr	21	2	10	0	79	71	1.857143	@	15 26 40 52 63 	@	CCCGAACGTTTTAGCTCCGAACCCTCTCTTGCCTCACCTAGCATTCATTA CTATCGATCTCTGGTAACGTCCTAATGACCCGTCGCGACTCACGGGTCGA	@	CAGAGACTGACATTAGCTAGTAGAGCCTCACCCCTTAGACCACGTGACAC GGCACAGTACTCTGCCAATTTTTCCCGCTACAGGTTGGAGTGCGGCGTCT	@	21 21 21 21 21 21 21 21 21 21 21 21 21 21 21 21 21 21 21 21 21 21 21 21 21 21 21 21 21 21 20 20 20 20 20 20 20 20 20 20 20 20 19 19 19 18 18 17 13 13 	@	21 21 21 21 21 21 21 21 21 21 21 21 21 21 21 21 21 21 21 21 21 21 20 20 20 19 19 18 18 16 16 16 16 15 15 15 14 14 13 13 12 12 12 12 12 11 11 10 8 8 	@	-1019:78 -1019:97 
chrT-chrT	8072775	9273055	rf	6	1	4	0	60	77	4.472222	@	15 26 36 51 65 	@	ATCACGATGGGAAGGTTTTTCATTAGCGTTTTAGTGGGATATAGGCTAAC GTAGTTGAGTCTAGAAGGTCAGGGATTACGGGTTAGGGAAGGGTACCTTA	@	GACTCTACTCCCTCCGCTCCTCCGAGTCGAACCGGGTTCCCGCTAGGTAG ATCGCAACGATGATTAAGGAGAAAGAGCAGCAACGCCCAGGCAAAGAAAA	@	6 6 6 6 6 6 6 6 6 6 6 6 6 6 6 6 6 6 6 6 6 6 6 6 5 5 3 3 3 3 3 3 3 3 3 3 3 3 3 3 3 3 3 3 3 3 3 3 3 2 	@	6 6 6 6 6 6 6 6 6 6 6 6 6 6 6 6 6 6 6 6 6 6 6 6 6 6 6 6 6 6 6 6 6 6 6 6 6 6 6 6 6 5 5 5 5 4 4 4 4 4 	@	41:50 
chrT-chrT	8130230	8625070	fr	7	0	2	0	62	81	8.346938	@	14 26 38 53 66 	@	GCAGGCGCAGCCGCCTGGGGGGACAACTTACGAGCATCAATGTGTGGTTA CTTGTCCGCAGTCGGCCACAAAGACGTCGACAGAGAATCTAGAAAGAAAT	@	GGTAAGGTCGTAGAATCTACGTTTAAGGTTTAATGGGTCCACGAAGGAAC TCTATCGATCCGCTGCTGATGAGATAATCTGGCGCATCGTCACTGTGCGG	@	7 7 7 7 7 7 7 7 7 7 7 7 7 7 7 7 7 7 7 7 5 5 5 5 5 5 5 4 3 3 3 3 3 3 3 3 2 2 2 2 2 2 2 2 2 2 2 2 2 2 	@	7 7 7 7 7 7 7 7 7 7 7 7 7 7 7 7 7 7 7 7 7 7 7 7 7 7 7 7 7 7 7 7 7 7 7 7 7 7 7 6 6 6 6 6 6 6 6 6 6 5 	@	
chrT-chrT	8141771	8626142	rf	77	16	39	0	80	80	0.168157	@	11 22 37 53 66 	@	CCGAAGATCCCTTATGGCCTCTTTCGACGGAACCAATAAGACTACGAGGG TGTGGGAGACATCCGGAGGTAAACATGAGAACGGGACCCAGAGGTTTCCA	@	TACACACTTGAAGCAAACAAGTAAAATCATACACACACGTTCTTACAAGG CTGGAAAAATATCGTTAAGTGACGAATACCCGGCTGCTTCGTCGTTCACA	@	77 77 77 77 77 77 77 77 77 77 77 77 77 77 77 77 77 77 77 77 77 76 74 73 70 69 69 68 68 68 67 65 64 64 64 63 62 62 61 59 56 53 52 52 49 48 47 45 45 43 	@	77 77 77 77 77 77 77 77 77 77 77 77 77 77 77 77 77 77 77 77 77 75 75 73 70 70 69 66 63 63 61 58 56 56 56 55 53 53 51 51 49 49 48 47 46 46 42 41 37 36 	@	2:27 7:34 36:5 15:31 59:5 19:48 58:9 70:-6 69:11 74:6 80:3 77:9 77:13 87:3 48:45 49:44 
